Starting search for 2431
Matched T-2431-Deann Acceptor ({u'Status': u'ACTIVE', u'Name': u'T-2431-Deann Acceptor', u'TrackingOptionID': u'3503826b-2c4a-4c59-a8ec-81ee94de5018', u'HasValidationErrors': False, u'IsActive': True, u'IsArchived': False, u'IsDeleted': False})
Finished renaming # 2431: [{u'Status': u'ACTIVE', u'Name': u'P-2431-T-2431-Deann Acceptor', u'TrackingOptionID': u'3503826b-2c4a-4c59-a8ec-81ee94de5018', u'HasValidationErrors': False, u'IsActive': True, u'IsArchived': False, u'IsDeleted': False}]
Starting search for 2431
Matched P-2431-T-2431-Deann Acceptor ({u'Status': u'ACTIVE', u'Name': u'P-2431-T-2431-Deann Acceptor', u'TrackingOptionID': u'3503826b-2c4a-4c59-a8ec-81ee94de5018', u'HasValidationErrors': False, u'IsActive': True, u'IsArchived': False, u'IsDeleted': False})
2017-06-21 14:41:58,165 INFO Finished Creating # 4143: [{u'Status': u'ACTIVE', u'Name': u'_General', u'TrackingOptionID': u'0ee7788a-943a-4987-8ad3-53bf6140f735', u'HasValidationErrors': False, u'IsActive': True, u'IsArchived': False, u'IsDeleted': False}, {u'Status': u'ACTIVE', u'Name': u'P-0081 NADM', u'TrackingOptionID': u'eb8be766-a369-40d7-8fa1-ee9e6bd8ae40', u'HasValidationErrors': False, u'IsActive': True, u'IsArchived': False, u'IsDeleted': False}, {u'Status': u'ACTIVE', u'Name': u'P-0082 EUDM', u'TrackingOptionID': u'25400fd2-1950-4771-9a69-62eef53e3ffd', u'HasValidationErrors': False, u'IsActive': True, u'IsArchived': False, u'IsDeleted': False}, {u'Status': u'ACTIVE', u'Name': u'P-0086 EUDM Pvw', u'TrackingOptionID': u'97bb7a1b-ccc6-4516-a34f-a5133b1d4ee4', u'HasValidationErrors': False, u'IsActive': True, u'IsArchived': False, u'IsDeleted': False}, {u'Status': u'ACTIVE', u'Name': u'P-0089 ANV', u'TrackingOptionID': u'5829561c-9262-4129-863b-820a1349a2ae', u'HasValidationErrors': False, u'IsActive': True, u'IsArchived': False, u'IsDeleted': False}, {u'Status': u'ACTIVE', u'Name': u'P-0090 Oprah', u'TrackingOptionID': u'90fe4f82-bd52-4334-981f-100fdb0d0539', u'HasValidationErrors': False, u'IsActive': True, u'IsArchived': False, u'IsDeleted': False}, {u'Status': u'ACTIVE', u'Name': u'P-0091 SAP', u'TrackingOptionID': u'86da0114-aab4-4043-b90f-5ffdbd0262ff', u'HasValidationErrors': False, u'IsActive': True, u'IsArchived': False, u'IsDeleted': False}, {u'Status': u'ACTIVE', u'Name': u'P-0095 NIN', u'TrackingOptionID': u'dce1c99c-f640-4d28-90f8-a48ef9de273d', u'HasValidationErrors': False, u'IsActive': True, u'IsArchived': False, u'IsDeleted': False}, {u'Status': u'ACTIVE', u'Name': u'p-0097-kodm-preview', u'TrackingOptionID': u'602b9758-5240-4270-8537-14d174827b9d', u'HasValidationErrors': False, u'IsActive': True, u'IsArchived': False, u'IsDeleted': False}, {u'Status': u'ACTIVE', u'Name': u'p-0098-zudm-preview', u'TrackingOptionID': u'df84c6a5-f26f-482f-a0c2-5a7b43384eb8', u'HasValidationErrors': False, u'IsActive': True, u'IsArchived': False, u'IsDeleted': False}, {u'Status': u'ACTIVE', u'Name': u'p-0099-osdm-preview', u'TrackingOptionID': u'42d1a3f4-1a5e-4f5a-93c3-436720a0b0c2', u'HasValidationErrors': False, u'IsActive': True, u'IsArchived': False, u'IsDeleted': False}, {u'Status': u'ACTIVE', u'Name': u'Prospective Sales', u'TrackingOptionID': u'bdcf6de7-b37b-4e9d-ac7a-4ed3e4d0b9c1', u'HasValidationErrors': False, u'IsActive': True, u'IsArchived': False, u'IsDeleted': False}, {u'Status': u'ACTIVE', u'Name': u'T-3707-Paulette Opinion', u'TrackingOptionID': u'3dede636-4472-4d3a-99cb-b00ef6223392', u'HasValidationErrors': False, u'IsActive': True, u'IsArchived': False, u'IsDeleted': False}, {u'Status': u'ACTIVE', u'Name': u'T-4143-Kierra Vessel', u'TrackingOptionID': u'dfe26672-1ad8-46fa-8589-a424760b3f9c', u'HasValidationErrors': False, u'IsActive': True, u'IsArchived': False, u'IsDeleted': False}]
2017-06-21 14:46:38,868 INFO Finished Creating # 2654: [{u'Status': u'ACTIVE', u'Name': u'_General', u'TrackingOptionID': u'0ee7788a-943a-4987-8ad3-53bf6140f735', u'HasValidationErrors': False, u'IsActive': True, u'IsArchived': False, u'IsDeleted': False}, {u'Status': u'ACTIVE', u'Name': u'P-0081 NADM', u'TrackingOptionID': u'eb8be766-a369-40d7-8fa1-ee9e6bd8ae40', u'HasValidationErrors': False, u'IsActive': True, u'IsArchived': False, u'IsDeleted': False}, {u'Status': u'ACTIVE', u'Name': u'P-0082 EUDM', u'TrackingOptionID': u'25400fd2-1950-4771-9a69-62eef53e3ffd', u'HasValidationErrors': False, u'IsActive': True, u'IsArchived': False, u'IsDeleted': False}, {u'Status': u'ACTIVE', u'Name': u'P-0086 EUDM Pvw', u'TrackingOptionID': u'97bb7a1b-ccc6-4516-a34f-a5133b1d4ee4', u'HasValidationErrors': False, u'IsActive': True, u'IsArchived': False, u'IsDeleted': False}, {u'Status': u'ACTIVE', u'Name': u'P-0089 ANV', u'TrackingOptionID': u'5829561c-9262-4129-863b-820a1349a2ae', u'HasValidationErrors': False, u'IsActive': True, u'IsArchived': False, u'IsDeleted': False}, {u'Status': u'ACTIVE', u'Name': u'P-0090 Oprah', u'TrackingOptionID': u'90fe4f82-bd52-4334-981f-100fdb0d0539', u'HasValidationErrors': False, u'IsActive': True, u'IsArchived': False, u'IsDeleted': False}, {u'Status': u'ACTIVE', u'Name': u'P-0091 SAP', u'TrackingOptionID': u'86da0114-aab4-4043-b90f-5ffdbd0262ff', u'HasValidationErrors': False, u'IsActive': True, u'IsArchived': False, u'IsDeleted': False}, {u'Status': u'ACTIVE', u'Name': u'P-0095 NIN', u'TrackingOptionID': u'dce1c99c-f640-4d28-90f8-a48ef9de273d', u'HasValidationErrors': False, u'IsActive': True, u'IsArchived': False, u'IsDeleted': False}, {u'Status': u'ACTIVE', u'Name': u'p-0097-kodm-preview', u'TrackingOptionID': u'602b9758-5240-4270-8537-14d174827b9d', u'HasValidationErrors': False, u'IsActive': True, u'IsArchived': False, u'IsDeleted': False}, {u'Status': u'ACTIVE', u'Name': u'p-0098-zudm-preview', u'TrackingOptionID': u'df84c6a5-f26f-482f-a0c2-5a7b43384eb8', u'HasValidationErrors': False, u'IsActive': True, u'IsArchived': False, u'IsDeleted': False}, {u'Status': u'ACTIVE', u'Name': u'p-0099-osdm-preview', u'TrackingOptionID': u'42d1a3f4-1a5e-4f5a-93c3-436720a0b0c2', u'HasValidationErrors': False, u'IsActive': True, u'IsArchived': False, u'IsDeleted': False}, {u'Status': u'ACTIVE', u'Name': u'Prospective Sales', u'TrackingOptionID': u'bdcf6de7-b37b-4e9d-ac7a-4ed3e4d0b9c1', u'HasValidationErrors': False, u'IsActive': True, u'IsArchived': False, u'IsDeleted': False}, {u'Status': u'ACTIVE', u'Name': u'T-2654-Jessica Surrenders', u'TrackingOptionID': u'2ee96458-5a80-4977-903c-314f13d45813', u'HasValidationErrors': False, u'IsActive': True, u'IsArchived': False, u'IsDeleted': False}]
2017-06-21 14:46:39,398 INFO Starting search for 2654
2017-06-21 14:46:39,950 INFO Matched T-2654-Jessica Surrenders ({u'Status': u'ACTIVE', u'Name': u'T-2654-Jessica Surrenders', u'TrackingOptionID': u'2ee96458-5a80-4977-903c-314f13d45813', u'HasValidationErrors': False, u'IsActive': True, u'IsArchived': False, u'IsDeleted': False})
2017-06-21 14:46:40,507 INFO Starting search for 2654
2017-06-21 14:46:41,026 INFO Matched T-2654-Jessica Surrenders ({u'Status': u'ACTIVE', u'Name': u'T-2654-Jessica Surrenders', u'TrackingOptionID': u'2ee96458-5a80-4977-903c-314f13d45813', u'HasValidationErrors': False, u'IsActive': True, u'IsArchived': False, u'IsDeleted': False})
2017-06-21 14:46:41,871 INFO Finished renaming # 2654: [{u'Status': u'ACTIVE', u'Name': u'P-2654-T-2654-Jessica Surrenders-RENAME', u'TrackingOptionID': u'2ee96458-5a80-4977-903c-314f13d45813', u'HasValidationErrors': False, u'IsActive': True, u'IsArchived': False, u'IsDeleted': False}]
2017-06-21 14:46:42,937 INFO Starting search for 2654
2017-06-21 14:46:43,461 INFO Matched P-2654-T-2654-Jessica Surrenders-RENAME ({u'Status': u'ACTIVE', u'Name': u'P-2654-T-2654-Jessica Surrenders-RENAME', u'TrackingOptionID': u'2ee96458-5a80-4977-903c-314f13d45813', u'HasValidationErrors': False, u'IsActive': True, u'IsArchived': False, u'IsDeleted': False})
2017-06-21 14:46:46,891 INFO Finished archiving # 2654: [{u'Status': u'DELETED', u'Name': u'P-2654-T-2654-Jessica Surrenders-RENAME', u'TrackingOptionID': u'2ee96458-5a80-4977-903c-314f13d45813', u'HasValidationErrors': False, u'IsActive': False, u'IsArchived': False, u'IsDeleted': True}]
2017-06-21 14:59:02,118 INFO Finished Creating # 6353: [{u'Status': u'ACTIVE', u'Name': u'_General', u'TrackingOptionID': u'0ee7788a-943a-4987-8ad3-53bf6140f735', u'HasValidationErrors': False, u'IsActive': True, u'IsArchived': False, u'IsDeleted': False}, {u'Status': u'ACTIVE', u'Name': u'P-0081 NADM', u'TrackingOptionID': u'eb8be766-a369-40d7-8fa1-ee9e6bd8ae40', u'HasValidationErrors': False, u'IsActive': True, u'IsArchived': False, u'IsDeleted': False}, {u'Status': u'ACTIVE', u'Name': u'P-0082 EUDM', u'TrackingOptionID': u'25400fd2-1950-4771-9a69-62eef53e3ffd', u'HasValidationErrors': False, u'IsActive': True, u'IsArchived': False, u'IsDeleted': False}, {u'Status': u'ACTIVE', u'Name': u'P-0086 EUDM Pvw', u'TrackingOptionID': u'97bb7a1b-ccc6-4516-a34f-a5133b1d4ee4', u'HasValidationErrors': False, u'IsActive': True, u'IsArchived': False, u'IsDeleted': False}, {u'Status': u'ACTIVE', u'Name': u'P-0089 ANV', u'TrackingOptionID': u'5829561c-9262-4129-863b-820a1349a2ae', u'HasValidationErrors': False, u'IsActive': True, u'IsArchived': False, u'IsDeleted': False}, {u'Status': u'ACTIVE', u'Name': u'P-0090 Oprah', u'TrackingOptionID': u'90fe4f82-bd52-4334-981f-100fdb0d0539', u'HasValidationErrors': False, u'IsActive': True, u'IsArchived': False, u'IsDeleted': False}, {u'Status': u'ACTIVE', u'Name': u'P-0091 SAP', u'TrackingOptionID': u'86da0114-aab4-4043-b90f-5ffdbd0262ff', u'HasValidationErrors': False, u'IsActive': True, u'IsArchived': False, u'IsDeleted': False}, {u'Status': u'ACTIVE', u'Name': u'P-0095 NIN', u'TrackingOptionID': u'dce1c99c-f640-4d28-90f8-a48ef9de273d', u'HasValidationErrors': False, u'IsActive': True, u'IsArchived': False, u'IsDeleted': False}, {u'Status': u'ACTIVE', u'Name': u'p-0097-kodm-preview', u'TrackingOptionID': u'602b9758-5240-4270-8537-14d174827b9d', u'HasValidationErrors': False, u'IsActive': True, u'IsArchived': False, u'IsDeleted': False}, {u'Status': u'ACTIVE', u'Name': u'p-0098-zudm-preview', u'TrackingOptionID': u'df84c6a5-f26f-482f-a0c2-5a7b43384eb8', u'HasValidationErrors': False, u'IsActive': True, u'IsArchived': False, u'IsDeleted': False}, {u'Status': u'ACTIVE', u'Name': u'p-0099-osdm-preview', u'TrackingOptionID': u'42d1a3f4-1a5e-4f5a-93c3-436720a0b0c2', u'HasValidationErrors': False, u'IsActive': True, u'IsArchived': False, u'IsDeleted': False}, {u'Status': u'ACTIVE', u'Name': u'Prospective Sales', u'TrackingOptionID': u'bdcf6de7-b37b-4e9d-ac7a-4ed3e4d0b9c1', u'HasValidationErrors': False, u'IsActive': True, u'IsArchived': False, u'IsDeleted': False}, {u'Status': u'ACTIVE', u'Name': u'T-6353-Kara Mines', u'TrackingOptionID': u'bb53c84a-b4cb-4623-b95e-5a4a7fa33b93', u'HasValidationErrors': False, u'IsActive': True, u'IsArchived': False, u'IsDeleted': False}]
2017-06-21 14:59:02,628 INFO Starting search for 6353
2017-06-21 14:59:03,157 INFO Matched T-6353-Kara Mines ({u'Status': u'ACTIVE', u'Name': u'T-6353-Kara Mines', u'TrackingOptionID': u'bb53c84a-b4cb-4623-b95e-5a4a7fa33b93', u'HasValidationErrors': False, u'IsActive': True, u'IsArchived': False, u'IsDeleted': False})
2017-06-21 14:59:03,805 INFO Starting search for 6353
2017-06-21 14:59:04,336 INFO Matched T-6353-Kara Mines ({u'Status': u'ACTIVE', u'Name': u'T-6353-Kara Mines', u'TrackingOptionID': u'bb53c84a-b4cb-4623-b95e-5a4a7fa33b93', u'HasValidationErrors': False, u'IsActive': True, u'IsArchived': False, u'IsDeleted': False})
2017-06-21 14:59:04,970 INFO Starting search for 6353
2017-06-21 14:59:05,539 INFO Matched T-6353-Kara Mines ({u'Status': u'ACTIVE', u'Name': u'T-6353-Kara Mines', u'TrackingOptionID': u'bb53c84a-b4cb-4623-b95e-5a4a7fa33b93', u'HasValidationErrors': False, u'IsActive': True, u'IsArchived': False, u'IsDeleted': False})
2017-06-21 14:59:09,098 INFO Finished archiving # 6353: [{u'Status': u'DELETED', u'Name': u'T-6353-Kara Mines', u'TrackingOptionID': u'bb53c84a-b4cb-4623-b95e-5a4a7fa33b93', u'HasValidationErrors': False, u'IsActive': False, u'IsArchived': False, u'IsDeleted': True}]
2017-06-21 14:59:47,058 INFO Finished Creating # 4400: [{u'Status': u'ACTIVE', u'Name': u'_General', u'TrackingOptionID': u'0ee7788a-943a-4987-8ad3-53bf6140f735', u'HasValidationErrors': False, u'IsActive': True, u'IsArchived': False, u'IsDeleted': False}, {u'Status': u'ACTIVE', u'Name': u'P-0081 NADM', u'TrackingOptionID': u'eb8be766-a369-40d7-8fa1-ee9e6bd8ae40', u'HasValidationErrors': False, u'IsActive': True, u'IsArchived': False, u'IsDeleted': False}, {u'Status': u'ACTIVE', u'Name': u'P-0082 EUDM', u'TrackingOptionID': u'25400fd2-1950-4771-9a69-62eef53e3ffd', u'HasValidationErrors': False, u'IsActive': True, u'IsArchived': False, u'IsDeleted': False}, {u'Status': u'ACTIVE', u'Name': u'P-0086 EUDM Pvw', u'TrackingOptionID': u'97bb7a1b-ccc6-4516-a34f-a5133b1d4ee4', u'HasValidationErrors': False, u'IsActive': True, u'IsArchived': False, u'IsDeleted': False}, {u'Status': u'ACTIVE', u'Name': u'P-0089 ANV', u'TrackingOptionID': u'5829561c-9262-4129-863b-820a1349a2ae', u'HasValidationErrors': False, u'IsActive': True, u'IsArchived': False, u'IsDeleted': False}, {u'Status': u'ACTIVE', u'Name': u'P-0090 Oprah', u'TrackingOptionID': u'90fe4f82-bd52-4334-981f-100fdb0d0539', u'HasValidationErrors': False, u'IsActive': True, u'IsArchived': False, u'IsDeleted': False}, {u'Status': u'ACTIVE', u'Name': u'P-0091 SAP', u'TrackingOptionID': u'86da0114-aab4-4043-b90f-5ffdbd0262ff', u'HasValidationErrors': False, u'IsActive': True, u'IsArchived': False, u'IsDeleted': False}, {u'Status': u'ACTIVE', u'Name': u'P-0095 NIN', u'TrackingOptionID': u'dce1c99c-f640-4d28-90f8-a48ef9de273d', u'HasValidationErrors': False, u'IsActive': True, u'IsArchived': False, u'IsDeleted': False}, {u'Status': u'ACTIVE', u'Name': u'p-0097-kodm-preview', u'TrackingOptionID': u'602b9758-5240-4270-8537-14d174827b9d', u'HasValidationErrors': False, u'IsActive': True, u'IsArchived': False, u'IsDeleted': False}, {u'Status': u'ACTIVE', u'Name': u'p-0098-zudm-preview', u'TrackingOptionID': u'df84c6a5-f26f-482f-a0c2-5a7b43384eb8', u'HasValidationErrors': False, u'IsActive': True, u'IsArchived': False, u'IsDeleted': False}, {u'Status': u'ACTIVE', u'Name': u'p-0099-osdm-preview', u'TrackingOptionID': u'42d1a3f4-1a5e-4f5a-93c3-436720a0b0c2', u'HasValidationErrors': False, u'IsActive': True, u'IsArchived': False, u'IsDeleted': False}, {u'Status': u'ACTIVE', u'Name': u'Prospective Sales', u'TrackingOptionID': u'bdcf6de7-b37b-4e9d-ac7a-4ed3e4d0b9c1', u'HasValidationErrors': False, u'IsActive': True, u'IsArchived': False, u'IsDeleted': False}, {u'Status': u'ACTIVE', u'Name': u'T-4400-Della Hyphens', u'TrackingOptionID': u'969d6647-29a4-4a01-9943-b55b2255b44f', u'HasValidationErrors': False, u'IsActive': True, u'IsArchived': False, u'IsDeleted': False}]
2017-06-21 14:59:47,569 INFO Starting search for 4400
2017-06-21 14:59:48,098 INFO Matched T-4400-Della Hyphens ({u'Status': u'ACTIVE', u'Name': u'T-4400-Della Hyphens', u'TrackingOptionID': u'969d6647-29a4-4a01-9943-b55b2255b44f', u'HasValidationErrors': False, u'IsActive': True, u'IsArchived': False, u'IsDeleted': False})
2017-06-21 14:59:48,690 INFO Starting search for 4400
2017-06-21 14:59:49,233 INFO Matched T-4400-Della Hyphens ({u'Status': u'ACTIVE', u'Name': u'T-4400-Della Hyphens', u'TrackingOptionID': u'969d6647-29a4-4a01-9943-b55b2255b44f', u'HasValidationErrors': False, u'IsActive': True, u'IsArchived': False, u'IsDeleted': False})
2017-06-21 14:59:50,160 INFO Finished renaming # 4400: [{u'Status': u'ACTIVE', u'Name': u'T-4400-Della Hyphens-RENAME', u'TrackingOptionID': u'969d6647-29a4-4a01-9943-b55b2255b44f', u'HasValidationErrors': False, u'IsActive': True, u'IsArchived': False, u'IsDeleted': False}]
2017-06-21 14:59:50,743 INFO Starting search for 4400
2017-06-21 14:59:51,296 INFO Matched T-4400-Della Hyphens-RENAME ({u'Status': u'ACTIVE', u'Name': u'T-4400-Della Hyphens-RENAME', u'TrackingOptionID': u'969d6647-29a4-4a01-9943-b55b2255b44f', u'HasValidationErrors': False, u'IsActive': True, u'IsArchived': False, u'IsDeleted': False})
2017-06-21 14:59:54,726 INFO Finished archiving # 4400: [{u'Status': u'DELETED', u'Name': u'T-4400-Della Hyphens-RENAME', u'TrackingOptionID': u'969d6647-29a4-4a01-9943-b55b2255b44f', u'HasValidationErrors': False, u'IsActive': False, u'IsArchived': False, u'IsDeleted': True}]
2017-06-21 15:01:35,187 INFO Finished Creating # 773: [{u'Status': u'ACTIVE', u'Name': u'_General', u'TrackingOptionID': u'0ee7788a-943a-4987-8ad3-53bf6140f735', u'HasValidationErrors': False, u'IsActive': True, u'IsArchived': False, u'IsDeleted': False}, {u'Status': u'ACTIVE', u'Name': u'P-0081 NADM', u'TrackingOptionID': u'eb8be766-a369-40d7-8fa1-ee9e6bd8ae40', u'HasValidationErrors': False, u'IsActive': True, u'IsArchived': False, u'IsDeleted': False}, {u'Status': u'ACTIVE', u'Name': u'P-0082 EUDM', u'TrackingOptionID': u'25400fd2-1950-4771-9a69-62eef53e3ffd', u'HasValidationErrors': False, u'IsActive': True, u'IsArchived': False, u'IsDeleted': False}, {u'Status': u'ACTIVE', u'Name': u'P-0086 EUDM Pvw', u'TrackingOptionID': u'97bb7a1b-ccc6-4516-a34f-a5133b1d4ee4', u'HasValidationErrors': False, u'IsActive': True, u'IsArchived': False, u'IsDeleted': False}, {u'Status': u'ACTIVE', u'Name': u'P-0089 ANV', u'TrackingOptionID': u'5829561c-9262-4129-863b-820a1349a2ae', u'HasValidationErrors': False, u'IsActive': True, u'IsArchived': False, u'IsDeleted': False}, {u'Status': u'ACTIVE', u'Name': u'P-0090 Oprah', u'TrackingOptionID': u'90fe4f82-bd52-4334-981f-100fdb0d0539', u'HasValidationErrors': False, u'IsActive': True, u'IsArchived': False, u'IsDeleted': False}, {u'Status': u'ACTIVE', u'Name': u'P-0091 SAP', u'TrackingOptionID': u'86da0114-aab4-4043-b90f-5ffdbd0262ff', u'HasValidationErrors': False, u'IsActive': True, u'IsArchived': False, u'IsDeleted': False}, {u'Status': u'ACTIVE', u'Name': u'P-0095 NIN', u'TrackingOptionID': u'dce1c99c-f640-4d28-90f8-a48ef9de273d', u'HasValidationErrors': False, u'IsActive': True, u'IsArchived': False, u'IsDeleted': False}, {u'Status': u'ACTIVE', u'Name': u'p-0097-kodm-preview', u'TrackingOptionID': u'602b9758-5240-4270-8537-14d174827b9d', u'HasValidationErrors': False, u'IsActive': True, u'IsArchived': False, u'IsDeleted': False}, {u'Status': u'ACTIVE', u'Name': u'p-0098-zudm-preview', u'TrackingOptionID': u'df84c6a5-f26f-482f-a0c2-5a7b43384eb8', u'HasValidationErrors': False, u'IsActive': True, u'IsArchived': False, u'IsDeleted': False}, {u'Status': u'ACTIVE', u'Name': u'p-0099-osdm-preview', u'TrackingOptionID': u'42d1a3f4-1a5e-4f5a-93c3-436720a0b0c2', u'HasValidationErrors': False, u'IsActive': True, u'IsArchived': False, u'IsDeleted': False}, {u'Status': u'ACTIVE', u'Name': u'Prospective Sales', u'TrackingOptionID': u'bdcf6de7-b37b-4e9d-ac7a-4ed3e4d0b9c1', u'HasValidationErrors': False, u'IsActive': True, u'IsArchived': False, u'IsDeleted': False}, {u'Status': u'ACTIVE', u'Name': u'T-0773-Sidney Patch', u'TrackingOptionID': u'56f996c7-9a37-4c6d-9ab6-fe77fcfca52e', u'HasValidationErrors': False, u'IsActive': True, u'IsArchived': False, u'IsDeleted': False}]
2017-06-21 15:01:35,796 INFO Starting search for 773
2017-06-21 15:01:36,411 INFO Matched T-0773-Sidney Patch ({u'Status': u'ACTIVE', u'Name': u'T-0773-Sidney Patch', u'TrackingOptionID': u'56f996c7-9a37-4c6d-9ab6-fe77fcfca52e', u'HasValidationErrors': False, u'IsActive': True, u'IsArchived': False, u'IsDeleted': False})
2017-06-21 15:01:37,505 INFO Starting search for 773
2017-06-21 15:01:38,072 INFO Matched T-0773-Sidney Patch ({u'Status': u'ACTIVE', u'Name': u'T-0773-Sidney Patch', u'TrackingOptionID': u'56f996c7-9a37-4c6d-9ab6-fe77fcfca52e', u'HasValidationErrors': False, u'IsActive': True, u'IsArchived': False, u'IsDeleted': False})
2017-06-21 15:01:39,157 INFO Finished renaming # 773: [{u'Status': u'ACTIVE', u'Name': u'T-0773-Sidney Patch-RENAME', u'TrackingOptionID': u'56f996c7-9a37-4c6d-9ab6-fe77fcfca52e', u'HasValidationErrors': False, u'IsActive': True, u'IsArchived': False, u'IsDeleted': False}]
2017-06-21 15:01:39,744 INFO Starting search for 773
2017-06-21 15:01:40,289 INFO Matched T-0773-Sidney Patch-RENAME ({u'Status': u'ACTIVE', u'Name': u'T-0773-Sidney Patch-RENAME', u'TrackingOptionID': u'56f996c7-9a37-4c6d-9ab6-fe77fcfca52e', u'HasValidationErrors': False, u'IsActive': True, u'IsArchived': False, u'IsDeleted': False})
2017-06-21 15:01:43,691 INFO Finished archiving # 773: [{u'Status': u'DELETED', u'Name': u'T-0773-Sidney Patch-RENAME', u'TrackingOptionID': u'56f996c7-9a37-4c6d-9ab6-fe77fcfca52e', u'HasValidationErrors': False, u'IsActive': False, u'IsArchived': False, u'IsDeleted': True}]
2017-06-21 15:01:51,095 INFO Finished Creating # 7707: [{u'Status': u'ACTIVE', u'Name': u'_General', u'TrackingOptionID': u'0ee7788a-943a-4987-8ad3-53bf6140f735', u'HasValidationErrors': False, u'IsActive': True, u'IsArchived': False, u'IsDeleted': False}, {u'Status': u'ACTIVE', u'Name': u'P-0081 NADM', u'TrackingOptionID': u'eb8be766-a369-40d7-8fa1-ee9e6bd8ae40', u'HasValidationErrors': False, u'IsActive': True, u'IsArchived': False, u'IsDeleted': False}, {u'Status': u'ACTIVE', u'Name': u'P-0082 EUDM', u'TrackingOptionID': u'25400fd2-1950-4771-9a69-62eef53e3ffd', u'HasValidationErrors': False, u'IsActive': True, u'IsArchived': False, u'IsDeleted': False}, {u'Status': u'ACTIVE', u'Name': u'P-0086 EUDM Pvw', u'TrackingOptionID': u'97bb7a1b-ccc6-4516-a34f-a5133b1d4ee4', u'HasValidationErrors': False, u'IsActive': True, u'IsArchived': False, u'IsDeleted': False}, {u'Status': u'ACTIVE', u'Name': u'P-0089 ANV', u'TrackingOptionID': u'5829561c-9262-4129-863b-820a1349a2ae', u'HasValidationErrors': False, u'IsActive': True, u'IsArchived': False, u'IsDeleted': False}, {u'Status': u'ACTIVE', u'Name': u'P-0090 Oprah', u'TrackingOptionID': u'90fe4f82-bd52-4334-981f-100fdb0d0539', u'HasValidationErrors': False, u'IsActive': True, u'IsArchived': False, u'IsDeleted': False}, {u'Status': u'ACTIVE', u'Name': u'P-0091 SAP', u'TrackingOptionID': u'86da0114-aab4-4043-b90f-5ffdbd0262ff', u'HasValidationErrors': False, u'IsActive': True, u'IsArchived': False, u'IsDeleted': False}, {u'Status': u'ACTIVE', u'Name': u'P-0095 NIN', u'TrackingOptionID': u'dce1c99c-f640-4d28-90f8-a48ef9de273d', u'HasValidationErrors': False, u'IsActive': True, u'IsArchived': False, u'IsDeleted': False}, {u'Status': u'ACTIVE', u'Name': u'p-0097-kodm-preview', u'TrackingOptionID': u'602b9758-5240-4270-8537-14d174827b9d', u'HasValidationErrors': False, u'IsActive': True, u'IsArchived': False, u'IsDeleted': False}, {u'Status': u'ACTIVE', u'Name': u'p-0098-zudm-preview', u'TrackingOptionID': u'df84c6a5-f26f-482f-a0c2-5a7b43384eb8', u'HasValidationErrors': False, u'IsActive': True, u'IsArchived': False, u'IsDeleted': False}, {u'Status': u'ACTIVE', u'Name': u'p-0099-osdm-preview', u'TrackingOptionID': u'42d1a3f4-1a5e-4f5a-93c3-436720a0b0c2', u'HasValidationErrors': False, u'IsActive': True, u'IsArchived': False, u'IsDeleted': False}, {u'Status': u'ACTIVE', u'Name': u'Prospective Sales', u'TrackingOptionID': u'bdcf6de7-b37b-4e9d-ac7a-4ed3e4d0b9c1', u'HasValidationErrors': False, u'IsActive': True, u'IsArchived': False, u'IsDeleted': False}, {u'Status': u'ACTIVE', u'Name': u'T-7707-Elyza Tills', u'TrackingOptionID': u'1de616a8-6bbd-407b-82df-71356a8a1f5f', u'HasValidationErrors': False, u'IsActive': True, u'IsArchived': False, u'IsDeleted': False}]
2017-06-21 15:01:51,640 INFO Starting search for 7707
2017-06-21 15:01:52,160 INFO Matched T-7707-Elyza Tills ({u'Status': u'ACTIVE', u'Name': u'T-7707-Elyza Tills', u'TrackingOptionID': u'1de616a8-6bbd-407b-82df-71356a8a1f5f', u'HasValidationErrors': False, u'IsActive': True, u'IsArchived': False, u'IsDeleted': False})
2017-06-21 15:01:54,453 INFO Starting search for 7707
2017-06-21 15:01:55,026 INFO Matched T-7707-Elyza Tills ({u'Status': u'ACTIVE', u'Name': u'T-7707-Elyza Tills', u'TrackingOptionID': u'1de616a8-6bbd-407b-82df-71356a8a1f5f', u'HasValidationErrors': False, u'IsActive': True, u'IsArchived': False, u'IsDeleted': False})
2017-06-21 15:01:58,490 INFO Finished archiving # 7707: [{u'Status': u'DELETED', u'Name': u'T-7707-Elyza Tills', u'TrackingOptionID': u'1de616a8-6bbd-407b-82df-71356a8a1f5f', u'HasValidationErrors': False, u'IsActive': False, u'IsArchived': False, u'IsDeleted': True}]
2017-06-21 15:23:01,414 INFO Starting search for 3633
2017-06-21 15:23:01,943 ERROR Couldn't find Xero option matching 3633
2017-06-21 15:23:01,943 INFO Confirmed that  3633oesn't exist
2017-06-21 15:23:02,637 INFO Finished Creating # 3633: [{u'Status': u'ACTIVE', u'Name': u'_General', u'TrackingOptionID': u'0ee7788a-943a-4987-8ad3-53bf6140f735', u'HasValidationErrors': False, u'IsActive': True, u'IsArchived': False, u'IsDeleted': False}, {u'Status': u'ACTIVE', u'Name': u'P-0081 NADM', u'TrackingOptionID': u'eb8be766-a369-40d7-8fa1-ee9e6bd8ae40', u'HasValidationErrors': False, u'IsActive': True, u'IsArchived': False, u'IsDeleted': False}, {u'Status': u'ACTIVE', u'Name': u'P-0082 EUDM', u'TrackingOptionID': u'25400fd2-1950-4771-9a69-62eef53e3ffd', u'HasValidationErrors': False, u'IsActive': True, u'IsArchived': False, u'IsDeleted': False}, {u'Status': u'ACTIVE', u'Name': u'P-0086 EUDM Pvw', u'TrackingOptionID': u'97bb7a1b-ccc6-4516-a34f-a5133b1d4ee4', u'HasValidationErrors': False, u'IsActive': True, u'IsArchived': False, u'IsDeleted': False}, {u'Status': u'ACTIVE', u'Name': u'P-0089 ANV', u'TrackingOptionID': u'5829561c-9262-4129-863b-820a1349a2ae', u'HasValidationErrors': False, u'IsActive': True, u'IsArchived': False, u'IsDeleted': False}, {u'Status': u'ACTIVE', u'Name': u'P-0090 Oprah', u'TrackingOptionID': u'90fe4f82-bd52-4334-981f-100fdb0d0539', u'HasValidationErrors': False, u'IsActive': True, u'IsArchived': False, u'IsDeleted': False}, {u'Status': u'ACTIVE', u'Name': u'P-0091 SAP', u'TrackingOptionID': u'86da0114-aab4-4043-b90f-5ffdbd0262ff', u'HasValidationErrors': False, u'IsActive': True, u'IsArchived': False, u'IsDeleted': False}, {u'Status': u'ACTIVE', u'Name': u'P-0095 NIN', u'TrackingOptionID': u'dce1c99c-f640-4d28-90f8-a48ef9de273d', u'HasValidationErrors': False, u'IsActive': True, u'IsArchived': False, u'IsDeleted': False}, {u'Status': u'ACTIVE', u'Name': u'p-0097-kodm-preview', u'TrackingOptionID': u'602b9758-5240-4270-8537-14d174827b9d', u'HasValidationErrors': False, u'IsActive': True, u'IsArchived': False, u'IsDeleted': False}, {u'Status': u'ACTIVE', u'Name': u'p-0098-zudm-preview', u'TrackingOptionID': u'df84c6a5-f26f-482f-a0c2-5a7b43384eb8', u'HasValidationErrors': False, u'IsActive': True, u'IsArchived': False, u'IsDeleted': False}, {u'Status': u'ACTIVE', u'Name': u'p-0099-osdm-preview', u'TrackingOptionID': u'42d1a3f4-1a5e-4f5a-93c3-436720a0b0c2', u'HasValidationErrors': False, u'IsActive': True, u'IsArchived': False, u'IsDeleted': False}, {u'Status': u'ACTIVE', u'Name': u'Prospective Sales', u'TrackingOptionID': u'bdcf6de7-b37b-4e9d-ac7a-4ed3e4d0b9c1', u'HasValidationErrors': False, u'IsActive': True, u'IsArchived': False, u'IsDeleted': False}, {u'Status': u'ACTIVE', u'Name': u'T-3633-Ana Barriers', u'TrackingOptionID': u'4395a996-737f-4506-bd92-94ec87dc7adf', u'HasValidationErrors': False, u'IsActive': True, u'IsArchived': False, u'IsDeleted': False}]
2017-06-21 15:23:03,148 INFO Starting search for 3633
2017-06-21 15:23:03,690 INFO Matched T-3633-Ana Barriers ({u'Status': u'ACTIVE', u'Name': u'T-3633-Ana Barriers', u'TrackingOptionID': u'4395a996-737f-4506-bd92-94ec87dc7adf', u'HasValidationErrors': False, u'IsActive': True, u'IsArchived': False, u'IsDeleted': False})
2017-06-21 15:23:04,779 INFO Starting search for 3633
2017-06-21 15:23:05,322 INFO Matched T-3633-Ana Barriers ({u'Status': u'ACTIVE', u'Name': u'T-3633-Ana Barriers', u'TrackingOptionID': u'4395a996-737f-4506-bd92-94ec87dc7adf', u'HasValidationErrors': False, u'IsActive': True, u'IsArchived': False, u'IsDeleted': False})
2017-06-21 15:23:05,322 ERROR Looks like 3633 already exists
2017-06-21 15:23:05,930 INFO Starting search for 3633
2017-06-21 15:23:06,486 INFO Matched T-3633-Ana Barriers ({u'Status': u'ACTIVE', u'Name': u'T-3633-Ana Barriers', u'TrackingOptionID': u'4395a996-737f-4506-bd92-94ec87dc7adf', u'HasValidationErrors': False, u'IsActive': True, u'IsArchived': False, u'IsDeleted': False})
2017-06-21 15:23:09,907 INFO Finished archiving # 3633: [{u'Status': u'DELETED', u'Name': u'T-3633-Ana Barriers', u'TrackingOptionID': u'4395a996-737f-4506-bd92-94ec87dc7adf', u'HasValidationErrors': False, u'IsActive': False, u'IsArchived': False, u'IsDeleted': True}]
2017-06-21 15:45:26,257 INFO Starting search for 7199
2017-06-21 15:45:26,811 ERROR Couldn't find Xero option matching 7199
2017-06-21 15:45:26,811 INFO Confirmed that  7199oesn't exist
2017-06-21 15:45:27,421 INFO Finished Creating # 7199: [{u'Status': u'ACTIVE', u'Name': u'_General', u'TrackingOptionID': u'0ee7788a-943a-4987-8ad3-53bf6140f735', u'HasValidationErrors': False, u'IsActive': True, u'IsArchived': False, u'IsDeleted': False}, {u'Status': u'ACTIVE', u'Name': u'P-0081 NADM', u'TrackingOptionID': u'eb8be766-a369-40d7-8fa1-ee9e6bd8ae40', u'HasValidationErrors': False, u'IsActive': True, u'IsArchived': False, u'IsDeleted': False}, {u'Status': u'ACTIVE', u'Name': u'P-0082 EUDM', u'TrackingOptionID': u'25400fd2-1950-4771-9a69-62eef53e3ffd', u'HasValidationErrors': False, u'IsActive': True, u'IsArchived': False, u'IsDeleted': False}, {u'Status': u'ACTIVE', u'Name': u'P-0086 EUDM Pvw', u'TrackingOptionID': u'97bb7a1b-ccc6-4516-a34f-a5133b1d4ee4', u'HasValidationErrors': False, u'IsActive': True, u'IsArchived': False, u'IsDeleted': False}, {u'Status': u'ACTIVE', u'Name': u'P-0089 ANV', u'TrackingOptionID': u'5829561c-9262-4129-863b-820a1349a2ae', u'HasValidationErrors': False, u'IsActive': True, u'IsArchived': False, u'IsDeleted': False}, {u'Status': u'ACTIVE', u'Name': u'P-0090 Oprah', u'TrackingOptionID': u'90fe4f82-bd52-4334-981f-100fdb0d0539', u'HasValidationErrors': False, u'IsActive': True, u'IsArchived': False, u'IsDeleted': False}, {u'Status': u'ACTIVE', u'Name': u'P-0091 SAP', u'TrackingOptionID': u'86da0114-aab4-4043-b90f-5ffdbd0262ff', u'HasValidationErrors': False, u'IsActive': True, u'IsArchived': False, u'IsDeleted': False}, {u'Status': u'ACTIVE', u'Name': u'P-0095 NIN', u'TrackingOptionID': u'dce1c99c-f640-4d28-90f8-a48ef9de273d', u'HasValidationErrors': False, u'IsActive': True, u'IsArchived': False, u'IsDeleted': False}, {u'Status': u'ACTIVE', u'Name': u'p-0097-kodm-preview', u'TrackingOptionID': u'602b9758-5240-4270-8537-14d174827b9d', u'HasValidationErrors': False, u'IsActive': True, u'IsArchived': False, u'IsDeleted': False}, {u'Status': u'ACTIVE', u'Name': u'p-0098-zudm-preview', u'TrackingOptionID': u'df84c6a5-f26f-482f-a0c2-5a7b43384eb8', u'HasValidationErrors': False, u'IsActive': True, u'IsArchived': False, u'IsDeleted': False}, {u'Status': u'ACTIVE', u'Name': u'p-0099-osdm-preview', u'TrackingOptionID': u'42d1a3f4-1a5e-4f5a-93c3-436720a0b0c2', u'HasValidationErrors': False, u'IsActive': True, u'IsArchived': False, u'IsDeleted': False}, {u'Status': u'ACTIVE', u'Name': u'p-0100-backstreet-boys-maintenance', u'TrackingOptionID': u'15bab985-3a3b-4eb1-a018-a0830a42cc0a', u'HasValidationErrors': False, u'IsActive': True, u'IsArchived': False, u'IsDeleted': False}, {u'Status': u'ACTIVE', u'Name': u'Prospective Sales', u'TrackingOptionID': u'bdcf6de7-b37b-4e9d-ac7a-4ed3e4d0b9c1', u'HasValidationErrors': False, u'IsActive': True, u'IsArchived': False, u'IsDeleted': False}, {u'Status': u'ACTIVE', u'Name': u'T-7199-Tia Stove', u'TrackingOptionID': u'8f65a4b7-3d19-478c-9b9f-8344b3f92f31', u'HasValidationErrors': False, u'IsActive': True, u'IsArchived': False, u'IsDeleted': False}]
2017-06-21 15:45:27,947 INFO Starting search for 7199
2017-06-21 15:45:28,457 INFO Matched T-7199-Tia Stove ({u'Status': u'ACTIVE', u'Name': u'T-7199-Tia Stove', u'TrackingOptionID': u'8f65a4b7-3d19-478c-9b9f-8344b3f92f31', u'HasValidationErrors': False, u'IsActive': True, u'IsArchived': False, u'IsDeleted': False})
2017-06-21 15:45:29,572 INFO Starting search for 7199
2017-06-21 15:45:30,108 INFO Matched T-7199-Tia Stove ({u'Status': u'ACTIVE', u'Name': u'T-7199-Tia Stove', u'TrackingOptionID': u'8f65a4b7-3d19-478c-9b9f-8344b3f92f31', u'HasValidationErrors': False, u'IsActive': True, u'IsArchived': False, u'IsDeleted': False})
2017-06-21 15:45:30,109 ERROR Looks like 7199 already exists
2017-06-21 15:45:30,641 INFO Starting search for 7199
2017-06-21 15:45:31,161 INFO Matched T-7199-Tia Stove ({u'Status': u'ACTIVE', u'Name': u'T-7199-Tia Stove', u'TrackingOptionID': u'8f65a4b7-3d19-478c-9b9f-8344b3f92f31', u'HasValidationErrors': False, u'IsActive': True, u'IsArchived': False, u'IsDeleted': False})
2017-06-21 15:45:34,928 INFO Finished archiving # 7199: [{u'Status': u'DELETED', u'Name': u'T-7199-Tia Stove', u'TrackingOptionID': u'8f65a4b7-3d19-478c-9b9f-8344b3f92f31', u'HasValidationErrors': False, u'IsActive': False, u'IsArchived': False, u'IsDeleted': True}]
2017-06-21 15:45:49,654 INFO Starting search for 9321
2017-06-21 15:45:50,184 ERROR Couldn't find Xero option matching 9321
2017-06-21 15:45:50,184 INFO Confirmed that  9321oesn't exist
2017-06-21 15:45:50,739 INFO Finished Creating # 9321: [{u'Status': u'ACTIVE', u'Name': u'_General', u'TrackingOptionID': u'0ee7788a-943a-4987-8ad3-53bf6140f735', u'HasValidationErrors': False, u'IsActive': True, u'IsArchived': False, u'IsDeleted': False}, {u'Status': u'ACTIVE', u'Name': u'P-0081 NADM', u'TrackingOptionID': u'eb8be766-a369-40d7-8fa1-ee9e6bd8ae40', u'HasValidationErrors': False, u'IsActive': True, u'IsArchived': False, u'IsDeleted': False}, {u'Status': u'ACTIVE', u'Name': u'P-0082 EUDM', u'TrackingOptionID': u'25400fd2-1950-4771-9a69-62eef53e3ffd', u'HasValidationErrors': False, u'IsActive': True, u'IsArchived': False, u'IsDeleted': False}, {u'Status': u'ACTIVE', u'Name': u'P-0086 EUDM Pvw', u'TrackingOptionID': u'97bb7a1b-ccc6-4516-a34f-a5133b1d4ee4', u'HasValidationErrors': False, u'IsActive': True, u'IsArchived': False, u'IsDeleted': False}, {u'Status': u'ACTIVE', u'Name': u'P-0089 ANV', u'TrackingOptionID': u'5829561c-9262-4129-863b-820a1349a2ae', u'HasValidationErrors': False, u'IsActive': True, u'IsArchived': False, u'IsDeleted': False}, {u'Status': u'ACTIVE', u'Name': u'P-0090 Oprah', u'TrackingOptionID': u'90fe4f82-bd52-4334-981f-100fdb0d0539', u'HasValidationErrors': False, u'IsActive': True, u'IsArchived': False, u'IsDeleted': False}, {u'Status': u'ACTIVE', u'Name': u'P-0091 SAP', u'TrackingOptionID': u'86da0114-aab4-4043-b90f-5ffdbd0262ff', u'HasValidationErrors': False, u'IsActive': True, u'IsArchived': False, u'IsDeleted': False}, {u'Status': u'ACTIVE', u'Name': u'P-0095 NIN', u'TrackingOptionID': u'dce1c99c-f640-4d28-90f8-a48ef9de273d', u'HasValidationErrors': False, u'IsActive': True, u'IsArchived': False, u'IsDeleted': False}, {u'Status': u'ACTIVE', u'Name': u'p-0097-kodm-preview', u'TrackingOptionID': u'602b9758-5240-4270-8537-14d174827b9d', u'HasValidationErrors': False, u'IsActive': True, u'IsArchived': False, u'IsDeleted': False}, {u'Status': u'ACTIVE', u'Name': u'p-0098-zudm-preview', u'TrackingOptionID': u'df84c6a5-f26f-482f-a0c2-5a7b43384eb8', u'HasValidationErrors': False, u'IsActive': True, u'IsArchived': False, u'IsDeleted': False}, {u'Status': u'ACTIVE', u'Name': u'p-0099-osdm-preview', u'TrackingOptionID': u'42d1a3f4-1a5e-4f5a-93c3-436720a0b0c2', u'HasValidationErrors': False, u'IsActive': True, u'IsArchived': False, u'IsDeleted': False}, {u'Status': u'ACTIVE', u'Name': u'p-0100-backstreet-boys-maintenance', u'TrackingOptionID': u'15bab985-3a3b-4eb1-a018-a0830a42cc0a', u'HasValidationErrors': False, u'IsActive': True, u'IsArchived': False, u'IsDeleted': False}, {u'Status': u'ACTIVE', u'Name': u'Prospective Sales', u'TrackingOptionID': u'bdcf6de7-b37b-4e9d-ac7a-4ed3e4d0b9c1', u'HasValidationErrors': False, u'IsActive': True, u'IsArchived': False, u'IsDeleted': False}, {u'Status': u'ACTIVE', u'Name': u'T-9321-Kyleigh Offices', u'TrackingOptionID': u'91dedaaf-23cd-43d0-9573-32fba9303e93', u'HasValidationErrors': False, u'IsActive': True, u'IsArchived': False, u'IsDeleted': False}]
2017-06-21 15:45:51,275 INFO Starting search for 9321
2017-06-21 15:45:51,815 INFO Matched T-9321-Kyleigh Offices ({u'Status': u'ACTIVE', u'Name': u'T-9321-Kyleigh Offices', u'TrackingOptionID': u'91dedaaf-23cd-43d0-9573-32fba9303e93', u'HasValidationErrors': False, u'IsActive': True, u'IsArchived': False, u'IsDeleted': False})
2017-06-21 15:45:52,858 INFO Starting search for 9321
2017-06-21 15:45:53,407 INFO Matched T-9321-Kyleigh Offices ({u'Status': u'ACTIVE', u'Name': u'T-9321-Kyleigh Offices', u'TrackingOptionID': u'91dedaaf-23cd-43d0-9573-32fba9303e93', u'HasValidationErrors': False, u'IsActive': True, u'IsArchived': False, u'IsDeleted': False})
2017-06-21 15:45:53,407 ERROR Looks like 9321 already exists
2017-06-21 15:45:53,954 INFO Starting search for 9321
2017-06-21 15:45:54,529 INFO Matched T-9321-Kyleigh Offices ({u'Status': u'ACTIVE', u'Name': u'T-9321-Kyleigh Offices', u'TrackingOptionID': u'91dedaaf-23cd-43d0-9573-32fba9303e93', u'HasValidationErrors': False, u'IsActive': True, u'IsArchived': False, u'IsDeleted': False})
2017-06-21 15:45:55,779 INFO Finished renaming # 9321: [{u'Status': u'ACTIVE', u'Name': u'T-9321-Kyleigh Offices-RENAME', u'TrackingOptionID': u'91dedaaf-23cd-43d0-9573-32fba9303e93', u'HasValidationErrors': False, u'IsActive': True, u'IsArchived': False, u'IsDeleted': False}]
2017-06-21 15:45:56,329 INFO Starting search for 9321
2017-06-21 15:45:56,828 INFO Matched T-9321-Kyleigh Offices-RENAME ({u'Status': u'ACTIVE', u'Name': u'T-9321-Kyleigh Offices-RENAME', u'TrackingOptionID': u'91dedaaf-23cd-43d0-9573-32fba9303e93', u'HasValidationErrors': False, u'IsActive': True, u'IsArchived': False, u'IsDeleted': False})
2017-06-21 15:46:00,456 INFO Finished archiving # 9321: [{u'Status': u'DELETED', u'Name': u'T-9321-Kyleigh Offices-RENAME', u'TrackingOptionID': u'91dedaaf-23cd-43d0-9573-32fba9303e93', u'HasValidationErrors': False, u'IsActive': False, u'IsArchived': False, u'IsDeleted': True}]
2017-06-21 15:46:01,006 INFO Starting search for 9321
2017-06-21 15:46:01,562 ERROR Couldn't find Xero option matching 9321
2017-06-21 15:50:35,122 INFO Starting search for 849
2017-06-21 15:50:35,747 ERROR Couldn't find Xero option matching 849
2017-06-21 15:50:35,747 INFO Confirmed that  849oesn't exist
2017-06-21 15:50:36,323 INFO Finished Creating # 849: [{u'Status': u'ACTIVE', u'Name': u'_General', u'TrackingOptionID': u'0ee7788a-943a-4987-8ad3-53bf6140f735', u'HasValidationErrors': False, u'IsActive': True, u'IsArchived': False, u'IsDeleted': False}, {u'Status': u'ACTIVE', u'Name': u'P-0081 NADM', u'TrackingOptionID': u'eb8be766-a369-40d7-8fa1-ee9e6bd8ae40', u'HasValidationErrors': False, u'IsActive': True, u'IsArchived': False, u'IsDeleted': False}, {u'Status': u'ACTIVE', u'Name': u'P-0082 EUDM', u'TrackingOptionID': u'25400fd2-1950-4771-9a69-62eef53e3ffd', u'HasValidationErrors': False, u'IsActive': True, u'IsArchived': False, u'IsDeleted': False}, {u'Status': u'ACTIVE', u'Name': u'P-0086 EUDM Pvw', u'TrackingOptionID': u'97bb7a1b-ccc6-4516-a34f-a5133b1d4ee4', u'HasValidationErrors': False, u'IsActive': True, u'IsArchived': False, u'IsDeleted': False}, {u'Status': u'ACTIVE', u'Name': u'P-0089 ANV', u'TrackingOptionID': u'5829561c-9262-4129-863b-820a1349a2ae', u'HasValidationErrors': False, u'IsActive': True, u'IsArchived': False, u'IsDeleted': False}, {u'Status': u'ACTIVE', u'Name': u'P-0090 Oprah', u'TrackingOptionID': u'90fe4f82-bd52-4334-981f-100fdb0d0539', u'HasValidationErrors': False, u'IsActive': True, u'IsArchived': False, u'IsDeleted': False}, {u'Status': u'ACTIVE', u'Name': u'P-0091 SAP', u'TrackingOptionID': u'86da0114-aab4-4043-b90f-5ffdbd0262ff', u'HasValidationErrors': False, u'IsActive': True, u'IsArchived': False, u'IsDeleted': False}, {u'Status': u'ACTIVE', u'Name': u'P-0095 NIN', u'TrackingOptionID': u'dce1c99c-f640-4d28-90f8-a48ef9de273d', u'HasValidationErrors': False, u'IsActive': True, u'IsArchived': False, u'IsDeleted': False}, {u'Status': u'ACTIVE', u'Name': u'p-0097-kodm-preview', u'TrackingOptionID': u'602b9758-5240-4270-8537-14d174827b9d', u'HasValidationErrors': False, u'IsActive': True, u'IsArchived': False, u'IsDeleted': False}, {u'Status': u'ACTIVE', u'Name': u'p-0098-zudm-preview', u'TrackingOptionID': u'df84c6a5-f26f-482f-a0c2-5a7b43384eb8', u'HasValidationErrors': False, u'IsActive': True, u'IsArchived': False, u'IsDeleted': False}, {u'Status': u'ACTIVE', u'Name': u'p-0099-osdm-preview', u'TrackingOptionID': u'42d1a3f4-1a5e-4f5a-93c3-436720a0b0c2', u'HasValidationErrors': False, u'IsActive': True, u'IsArchived': False, u'IsDeleted': False}, {u'Status': u'ACTIVE', u'Name': u'p-0100-backstreet-boys-maintenance', u'TrackingOptionID': u'15bab985-3a3b-4eb1-a018-a0830a42cc0a', u'HasValidationErrors': False, u'IsActive': True, u'IsArchived': False, u'IsDeleted': False}, {u'Status': u'ACTIVE', u'Name': u'Prospective Sales', u'TrackingOptionID': u'bdcf6de7-b37b-4e9d-ac7a-4ed3e4d0b9c1', u'HasValidationErrors': False, u'IsActive': True, u'IsArchived': False, u'IsDeleted': False}, {u'Status': u'ACTIVE', u'Name': u'T-0849-Xaviera Machinery', u'TrackingOptionID': u'83867f73-5ef1-4e29-829a-2588e9e099bf', u'HasValidationErrors': False, u'IsActive': True, u'IsArchived': False, u'IsDeleted': False}]
2017-06-21 15:50:36,878 INFO Starting search for 849
2017-06-21 15:50:37,397 INFO Matched T-0849-Xaviera Machinery ({u'Status': u'ACTIVE', u'Name': u'T-0849-Xaviera Machinery', u'TrackingOptionID': u'83867f73-5ef1-4e29-829a-2588e9e099bf', u'HasValidationErrors': False, u'IsActive': True, u'IsArchived': False, u'IsDeleted': False})
2017-06-21 15:50:38,438 INFO Starting search for 849
2017-06-21 15:50:38,959 INFO Matched T-0849-Xaviera Machinery ({u'Status': u'ACTIVE', u'Name': u'T-0849-Xaviera Machinery', u'TrackingOptionID': u'83867f73-5ef1-4e29-829a-2588e9e099bf', u'HasValidationErrors': False, u'IsActive': True, u'IsArchived': False, u'IsDeleted': False})
2017-06-21 15:50:38,960 ERROR Looks like 849 already exists
2017-06-21 15:50:39,526 INFO Starting search for 849
2017-06-21 15:50:40,053 INFO Matched T-0849-Xaviera Machinery ({u'Status': u'ACTIVE', u'Name': u'T-0849-Xaviera Machinery', u'TrackingOptionID': u'83867f73-5ef1-4e29-829a-2588e9e099bf', u'HasValidationErrors': False, u'IsActive': True, u'IsArchived': False, u'IsDeleted': False})
2017-06-21 15:50:40,835 INFO Finished renaming # 849: [{u'Status': u'ACTIVE', u'Name': u'T-0849-Xaviera Machinery-RENAME', u'TrackingOptionID': u'83867f73-5ef1-4e29-829a-2588e9e099bf', u'HasValidationErrors': False, u'IsActive': True, u'IsArchived': False, u'IsDeleted': False}]
2017-06-21 15:50:41,375 INFO Starting search for 849
2017-06-21 15:50:41,911 INFO Matched T-0849-Xaviera Machinery-RENAME ({u'Status': u'ACTIVE', u'Name': u'T-0849-Xaviera Machinery-RENAME', u'TrackingOptionID': u'83867f73-5ef1-4e29-829a-2588e9e099bf', u'HasValidationErrors': False, u'IsActive': True, u'IsArchived': False, u'IsDeleted': False})
2017-06-21 15:50:45,836 INFO Finished archiving # 849: [{u'Status': u'DELETED', u'Name': u'T-0849-Xaviera Machinery-RENAME', u'TrackingOptionID': u'83867f73-5ef1-4e29-829a-2588e9e099bf', u'HasValidationErrors': False, u'IsActive': False, u'IsArchived': False, u'IsDeleted': True}]
2017-06-21 15:50:46,388 INFO Starting search for 849
2017-06-21 15:50:46,917 ERROR Couldn't find Xero option matching 849
